[2026-05-13T02:58:05.709Z] GET http://localhost:5173/dashboard → 200 (7ms, ?B)
[2026-05-13T02:58:05.721Z] GET http://localhost:5173/@vite/client → 200 (8ms, 137703B)
[2026-05-13T02:58:05.721Z] GET http://localhost:5173/src/main.ts → 200 (3ms, 1533B)
[2026-05-13T02:58:05.725Z] GET http://localhost:5173/node_modules/.vite/deps/vue.js?v=1ead3934 → 200 (3ms, 5709B)
[2026-05-13T02:58:05.725Z] GET http://localhost:5173/node_modules/.vite/deps/pinia.js?v=5240ed46 → 200 (5ms, 47700B)
[2026-05-13T02:58:05.725Z] GET http://localhost:5173/node_modules/.vite/deps/echarts.js?v=c18a41f0 → 200 (48ms, 2587955B)
[2026-05-13T02:58:05.725Z] GET http://localhost:5173/src/App.vue → 200 (25ms, 3185B)
[2026-05-13T02:58:05.725Z] GET http://localhost:5173/src/router/index.ts → 200 (35ms, 3209B)
[2026-05-13T02:58:05.725Z] GET http://localhost:5173/src/styles/echarts-theme.ts → 200 (4ms, 5425B)
[2026-05-13T02:58:05.725Z] GET http://localhost:5173/src/styles/global.scss → 200 (6ms, 3296B)
[2026-05-13T02:58:05.728Z] GET http://localhost:5173/node_modules/.vite/deps/chunk-EXJIBF44.js?v=07ed0d97 → 200 (6ms, 386190B)
[2026-05-13T02:58:05.728Z] GET http://localhost:5173/node_modules/.vite/deps/chunk-PZ5AY32C.js?v=07ed0d97 → 200 (21ms, 234B)
[2026-05-13T02:58:05.729Z] GET http://localhost:5173/node_modules/vite/dist/client/env.mjs → 200 (23ms, 4438B)
[2026-05-13T02:58:05.730Z] GET http://localhost:5173/node_modules/.vite/deps/chunk-YFT6OQ5R.js?v=07ed0d97 → 200 (18ms, 4624B)
[2026-05-13T02:58:05.751Z] GET http://localhost:5173/src/stores/filter.ts → 200 (10ms, 5791B)
[2026-05-13T02:58:05.751Z] GET http://localhost:5173/src/App.vue?vue&type=style&index=0&scoped=7a7a37b1&lang.scss → 200 (9ms, 684B)
[2026-05-13T02:58:05.751Z] GET http://localhost:5173/@id/__x00__plugin-vue:export-helper → 200 (10ms, 1126B)
[2026-05-13T02:58:05.761Z] GET http://localhost:5173/node_modules/.vite/deps/vue-router.js?v=f6704470 → 200 (3ms, 89837B)
[2026-05-13T02:58:05.761Z] GET http://localhost:5173/src/api/endpoints.ts → 200 (3ms, 7011B)
[2026-05-13T02:58:05.764Z] GET http://localhost:5173/src/api/client.ts → 200 (3ms, 2113B)
[2026-05-13T02:58:05.767Z] GET http://localhost:5173/node_modules/.vite/deps/axios.js?v=b8c42e4a → 200 (1ms, 99771B)
[2026-05-13T02:58:05.812Z] GET http://localhost:5173/api/meta/dimensions → 200 (47ms, 2549B)
[2026-05-13T02:58:05.812Z] GET http://localhost:5173/src/views/Dashboard/index.vue → 200 (47ms, 53034B)
[2026-05-13T02:58:05.860Z] GET http://localhost:5173/src/components/screen/ScreenHeader.vue → 200 (26ms, 12633B)
[2026-05-13T02:58:05.860Z] GET http://localhost:5173/src/components/common/FilterBar.vue → 200 (32ms, 17097B)
[2026-05-13T02:58:05.860Z] GET http://localhost:5173/src/components/screen/GlowPanel.vue → 200 (25ms, 7575B)
[2026-05-13T02:58:05.860Z] GET http://localhost:5173/src/components/screen/KpiCard.vue → 200 (25ms, 7850B)
[2026-05-13T02:58:05.860Z] GET http://localhost:5173/src/components/charts/StructureBar.vue → 200 (26ms, 7823B)
[2026-05-13T02:58:05.860Z] GET http://localhost:5173/src/components/charts/TrendLine.vue → 200 (30ms, 9170B)
[2026-05-13T02:58:05.860Z] GET http://localhost:5173/src/components/charts/RegionRank.vue → 200 (34ms, 6736B)
[2026-05-13T02:58:05.860Z] GET http://localhost:5173/src/components/charts/IndustryBubble.vue → 200 (35ms, 7746B)
[2026-05-13T02:58:05.860Z] GET http://localhost:5173/src/components/charts/HubeiMap.vue → 200 (35ms, 12246B)
[2026-05-13T02:58:05.860Z] GET http://localhost:5173/src/views/Dashboard/index.vue?vue&type=style&index=0&scoped=585062f7&lang.scss → 200 (35ms, 6785B)
[2026-05-13T02:58:05.886Z] GET http://localhost:5173/src/components/screen/GlowPanel.vue?vue&type=style&index=0&scoped=845bdd5b&lang.scss → 200 (23ms, 2521B)
[2026-05-13T02:58:05.886Z] GET http://localhost:5173/src/components/screen/KpiCard.vue?vue&type=style&index=0&scoped=6add42c2&lang.scss → 200 (23ms, 2288B)
[2026-05-13T02:58:05.886Z] GET http://localhost:5173/src/components/screen/ScreenHeader.vue?vue&type=style&index=0&scoped=bfd17d0a&lang.scss → 200 (23ms, 3553B)
[2026-05-13T02:58:05.886Z] GET http://localhost:5173/src/components/charts/BaseChart.vue → 200 (26ms, 5611B)
[2026-05-13T02:58:05.892Z] GET http://localhost:5173/src/components/common/FilterBar.vue?vue&type=style&index=0&scoped=293392e6&lang.scss → 200 (17ms, 3278B)
[2026-05-13T02:58:05.895Z] GET http://localhost:5173/src/components/charts/HubeiMap.vue?vue&type=style&index=0&scoped=271f450e&lang.css → 200 (1ms, 707B)
[2026-05-13T02:58:05.912Z] GET http://localhost:5173/src/components/charts/BaseChart.vue?vue&type=style&index=0&scoped=30b465e1&lang.css → 200 (1ms, 710B)
[2026-05-13T02:58:05.968Z] GET http://localhost:5173/hubei-geo.json → 200 (8ms, 155792B)
[2026-05-13T02:58:05.969Z] GET http://localhost:5173/api/meta/dimensions → 200 (9ms, 2549B)
[2026-05-13T02:58:05.978Z] GET http://localhost:5173/api/overview → 200 (194ms, 1201B)
[2026-05-13T02:58:05.978Z] GET http://localhost:5173/api/structure → 200 (291ms, 3617B)
[2026-05-13T02:58:05.978Z] GET http://localhost:5173/api/trend → 200 (217ms, 712B)
[2026-05-13T02:58:05.978Z] GET http://localhost:5173/api/region → 200 (246ms, 2613B)
[2026-05-13T02:58:05.978Z] GET http://localhost:5173/api/industry → 200 (272ms, 2196B)
[2026-05-13T02:58:06.299Z] GET http://localhost:5173/api/company-list?list_type=leader&page=1&page_size=1 → 200 (156ms, 515B)
[2026-05-13T02:58:06.299Z] GET http://localhost:5173/api/company-list?list_type=growing&page=1&page_size=1 → 200 (156ms, 503B)
[2026-05-13T02:58:06.299Z] GET http://localhost:5173/api/company-list?list_type=weak&page=1&page_size=1 → 200 (155ms, 502B)
[2026-05-13T02:58:06.299Z] GET http://localhost:5173/api/company-list?list_type=global&page=1&page_size=1 → 200 (156ms, 514B)
[2026-05-13T02:58:06.455Z] GET http://localhost:5173/api/company-list?list_type=leader&page=1&page_size=20 → 200 (40ms, 5450B)
[2026-05-13T02:58:28.132Z] GET http://localhost:5173/dashboard → 200 (2ms, 402B)
[2026-05-13T02:58:28.137Z] GET http://localhost:5173/@vite/client → 200 (2ms, 137703B)
[2026-05-13T02:58:28.137Z] GET http://localhost:5173/src/main.ts → 200 (1ms, 1533B)
[2026-05-13T02:58:28.139Z] GET http://localhost:5173/node_modules/.vite/deps/vue.js?v=1ead3934 → 200 (?ms, 5709B)
[2026-05-13T02:58:28.139Z] GET http://localhost:5173/node_modules/.vite/deps/pinia.js?v=5240ed46 → 200 (1ms, 47700B)
[2026-05-13T02:58:28.141Z] GET http://localhost:5173/node_modules/.vite/deps/echarts.js?v=c18a41f0 → 200 (?ms, 2587955B)
[2026-05-13T02:58:28.141Z] GET http://localhost:5173/src/App.vue → 200 (3ms, 3185B)
[2026-05-13T02:58:28.141Z] GET http://localhost:5173/src/router/index.ts → 200 (3ms, 3209B)
[2026-05-13T02:58:28.141Z] GET http://localhost:5173/src/styles/echarts-theme.ts → 200 (4ms, 5425B)
[2026-05-13T02:58:28.141Z] GET http://localhost:5173/src/styles/global.scss → 200 (4ms, 3296B)
[2026-05-13T02:58:28.142Z] GET http://localhost:5173/node_modules/vite/dist/client/env.mjs → 200 (3ms, 4438B)
[2026-05-13T02:58:28.142Z] GET http://localhost:5173/node_modules/.vite/deps/chunk-EXJIBF44.js?v=07ed0d97 → 200 (?ms, 386190B)
[2026-05-13T02:58:28.142Z] GET http://localhost:5173/node_modules/.vite/deps/chunk-PZ5AY32C.js?v=07ed0d97 → 200 (?ms, 234B)
[2026-05-13T02:58:28.143Z] GET http://localhost:5173/node_modules/.vite/deps/chunk-YFT6OQ5R.js?v=07ed0d97 → 200 (?ms, 4624B)
[2026-05-13T02:58:28.144Z] GET http://localhost:5173/src/stores/filter.ts → 200 (2ms, 5791B)
[2026-05-13T02:58:28.144Z] GET http://localhost:5173/src/App.vue?vue&type=style&index=0&scoped=7a7a37b1&lang.scss → 200 (2ms, 684B)
[2026-05-13T02:58:28.144Z] GET http://localhost:5173/@id/__x00__plugin-vue:export-helper → 200 (2ms, 1126B)
[2026-05-13T02:58:28.144Z] GET http://localhost:5173/node_modules/.vite/deps/vue-router.js?v=f6704470 → 200 (?ms, 89837B)
[2026-05-13T02:58:28.146Z] GET http://localhost:5173/src/api/endpoints.ts → 200 (1ms, 7011B)
[2026-05-13T02:58:28.147Z] GET http://localhost:5173/src/api/client.ts → 200 (?ms, 2113B)
[2026-05-13T02:58:28.147Z] GET http://localhost:5173/node_modules/.vite/deps/axios.js?v=b8c42e4a → 200 (?ms, 99771B)
[2026-05-13T02:58:28.149Z] GET http://localhost:5173/api/meta/dimensions → 200 (43ms, 2549B)
[2026-05-13T02:58:28.149Z] GET http://localhost:5173/src/views/Dashboard/index.vue → 200 (42ms, 53034B)
[2026-05-13T02:58:28.192Z] GET http://localhost:5173/src/components/screen/ScreenHeader.vue → 200 (3ms, 12633B)
[2026-05-13T02:58:28.192Z] GET http://localhost:5173/src/components/common/FilterBar.vue → 200 (3ms, 17097B)
[2026-05-13T02:58:28.192Z] GET http://localhost:5173/src/components/screen/GlowPanel.vue → 200 (3ms, 7575B)
[2026-05-13T02:58:28.192Z] GET http://localhost:5173/src/components/screen/KpiCard.vue → 200 (3ms, 7850B)
[2026-05-13T02:58:28.192Z] GET http://localhost:5173/src/components/charts/StructureBar.vue → 200 (4ms, 7823B)
[2026-05-13T02:58:28.193Z] GET http://localhost:5173/src/components/charts/TrendLine.vue → 200 (3ms, 9170B)
[2026-05-13T02:58:28.193Z] GET http://localhost:5173/src/components/charts/RegionRank.vue → 200 (3ms, 6736B)
[2026-05-13T02:58:28.193Z] GET http://localhost:5173/src/components/charts/IndustryBubble.vue → 200 (3ms, 7746B)
[2026-05-13T02:58:28.193Z] GET http://localhost:5173/src/components/charts/HubeiMap.vue → 200 (3ms, 12246B)
[2026-05-13T02:58:28.193Z] GET http://localhost:5173/src/views/Dashboard/index.vue?vue&type=style&index=0&scoped=585062f7&lang.scss → 200 (2ms, 6785B)
[2026-05-13T02:58:28.195Z] GET http://localhost:5173/src/components/screen/ScreenHeader.vue?vue&type=style&index=0&scoped=bfd17d0a&lang.scss → 200 (1ms, 3553B)
[2026-05-13T02:58:28.195Z] GET http://localhost:5173/src/components/common/FilterBar.vue?vue&type=style&index=0&scoped=293392e6&lang.scss → 200 (1ms, 3278B)
[2026-05-13T02:58:28.195Z] GET http://localhost:5173/src/components/screen/GlowPanel.vue?vue&type=style&index=0&scoped=845bdd5b&lang.scss → 200 (1ms, 2521B)
[2026-05-13T02:58:28.195Z] GET http://localhost:5173/src/components/screen/KpiCard.vue?vue&type=style&index=0&scoped=6add42c2&lang.scss → 200 (2ms, 2288B)
[2026-05-13T02:58:28.196Z] GET http://localhost:5173/src/components/charts/BaseChart.vue → 200 (1ms, 5611B)
[2026-05-13T02:58:28.196Z] GET http://localhost:5173/src/components/charts/HubeiMap.vue?vue&type=style&index=0&scoped=271f450e&lang.css → 200 (1ms, 707B)
[2026-05-13T02:58:28.197Z] GET http://localhost:5173/src/components/charts/BaseChart.vue?vue&type=style&index=0&scoped=30b465e1&lang.css → 200 (?ms, 710B)
[2026-05-13T02:58:28.207Z] GET http://localhost:5173/hubei-geo.json → 200 (3ms, 155792B)
[2026-05-13T02:58:28.207Z] GET http://localhost:5173/api/meta/dimensions → 200 (39ms, 2549B)
[2026-05-13T02:58:28.246Z] GET http://localhost:5173/api/overview → 200 (165ms, 1201B)
[2026-05-13T02:58:28.246Z] GET http://localhost:5173/api/structure → 200 (255ms, 3617B)
[2026-05-13T02:58:28.246Z] GET http://localhost:5173/api/trend → 200 (183ms, 712B)
[2026-05-13T02:58:28.246Z] GET http://localhost:5173/api/region → 200 (216ms, 2613B)
[2026-05-13T02:58:28.246Z] GET http://localhost:5173/api/industry → 200 (259ms, 2196B)
[2026-05-13T02:58:28.521Z] GET http://localhost:5173/api/company-list?list_type=leader&page=1&page_size=1 → 200 (162ms, 515B)
[2026-05-13T02:58:28.521Z] GET http://localhost:5173/api/company-list?list_type=growing&page=1&page_size=1 → 200 (155ms, 503B)
[2026-05-13T02:58:28.521Z] GET http://localhost:5173/api/company-list?list_type=weak&page=1&page_size=1 → 200 (162ms, 502B)
[2026-05-13T02:58:28.522Z] GET http://localhost:5173/api/company-list?list_type=global&page=1&page_size=1 → 200 (155ms, 514B)
[2026-05-13T02:58:28.683Z] GET http://localhost:5173/api/company-list?list_type=leader&page=1&page_size=20 → 200 (42ms, 5450B)
[2026-05-13T02:58:49.861Z] GET http://localhost:5173/companies → 200 (2ms, 402B)
[2026-05-13T02:58:49.865Z] GET http://localhost:5173/@vite/client → 200 (5ms, 137703B)
[2026-05-13T02:58:49.865Z] GET http://localhost:5173/src/main.ts → 200 (1ms, 1533B)
[2026-05-13T02:58:49.868Z] GET http://localhost:5173/node_modules/.vite/deps/vue.js?v=1ead3934 → 200 (?ms, 5709B)
[2026-05-13T02:58:49.868Z] GET http://localhost:5173/node_modules/.vite/deps/pinia.js?v=5240ed46 → 200 (?ms, 47700B)
[2026-05-13T02:58:49.868Z] GET http://localhost:5173/node_modules/.vite/deps/echarts.js?v=c18a41f0 → 200 (1ms, 2587955B)
[2026-05-13T02:58:49.869Z] GET http://localhost:5173/src/App.vue → 200 (2ms, 3185B)
[2026-05-13T02:58:49.869Z] GET http://localhost:5173/src/router/index.ts → 200 (2ms, 3209B)
[2026-05-13T02:58:49.869Z] GET http://localhost:5173/src/styles/echarts-theme.ts → 200 (3ms, 5425B)
[2026-05-13T02:58:49.869Z] GET http://localhost:5173/src/styles/global.scss → 200 (3ms, 3296B)
[2026-05-13T02:58:49.869Z] GET http://localhost:5173/node_modules/.vite/deps/chunk-EXJIBF44.js?v=07ed0d97 → 200 (1ms, 386190B)
[2026-05-13T02:58:49.870Z] GET http://localhost:5173/node_modules/.vite/deps/chunk-PZ5AY32C.js?v=07ed0d97 → 200 (?ms, 234B)
[2026-05-13T02:58:49.870Z] GET http://localhost:5173/node_modules/.vite/deps/chunk-YFT6OQ5R.js?v=07ed0d97 → 200 (?ms, 4624B)
[2026-05-13T02:58:49.870Z] GET http://localhost:5173/node_modules/vite/dist/client/env.mjs → 200 (1ms, 4438B)
[2026-05-13T02:58:49.871Z] GET http://localhost:5173/src/stores/filter.ts → 200 (1ms, 5791B)
[2026-05-13T02:58:49.871Z] GET http://localhost:5173/src/App.vue?vue&type=style&index=0&scoped=7a7a37b1&lang.scss → 200 (1ms, 684B)
[2026-05-13T02:58:49.871Z] GET http://localhost:5173/@id/__x00__plugin-vue:export-helper → 200 (1ms, 1126B)
[2026-05-13T02:58:49.871Z] GET http://localhost:5173/node_modules/.vite/deps/vue-router.js?v=f6704470 → 200 (?ms, 89837B)
[2026-05-13T02:58:49.872Z] GET http://localhost:5173/src/api/endpoints.ts → 200 (1ms, 7011B)
[2026-05-13T02:58:49.873Z] GET http://localhost:5173/src/api/client.ts → 200 (?ms, 2113B)
[2026-05-13T02:58:49.873Z] GET http://localhost:5173/node_modules/.vite/deps/axios.js?v=b8c42e4a → 200 (?ms, 99771B)
[2026-05-13T02:58:49.875Z] GET http://localhost:5173/api/meta/dimensions → 200 (42ms, 2549B)
[2026-05-13T02:58:49.875Z] GET http://localhost:5173/src/views/Companies/List.vue → 200 (42ms, 22742B)
[2026-05-13T02:58:49.917Z] GET http://localhost:5173/src/components/common/SubPageHeader.vue → 200 (?ms, 5013B)
[2026-05-13T02:58:49.917Z] GET http://localhost:5173/src/components/common/FilterBar.vue → 200 (?ms, 17097B)
[2026-05-13T02:58:49.917Z] GET http://localhost:5173/src/views/Companies/List.vue?vue&type=style&index=0&scoped=175cefe3&lang.scss → 200 (?ms, 3838B)
[2026-05-13T02:58:49.917Z] GET http://localhost:5173/src/components/common/SubPageHeader.vue?vue&type=style&index=0&scoped=bfb1bbce&lang.scss → 200 (?ms, 1442B)
[2026-05-13T02:58:49.917Z] GET http://localhost:5173/src/components/common/FilterBar.vue?vue&type=style&index=0&scoped=293392e6&lang.scss → 200 (?ms, 3278B)
[2026-05-13T02:58:49.918Z] GET http://localhost:5173/api/company-list?page=1&page_size=50 → 200 (35ms, 13084B)
[2026-05-13T02:58:52.078Z] GET http://localhost:5173/quality → 200 (2ms, 402B)
[2026-05-13T02:58:52.082Z] GET http://localhost:5173/@vite/client → 304 (1ms, ?B)
[2026-05-13T02:58:52.082Z] GET http://localhost:5173/src/main.ts → 304 (1ms, ?B)
[2026-05-13T02:58:52.083Z] GET http://localhost:5173/node_modules/vite/dist/client/env.mjs → 304 (4ms, ?B)
[2026-05-13T02:58:52.084Z] GET http://localhost:5173/node_modules/.vite/deps/vue.js?v=1ead3934 → 200 (?ms, 5709B)
[2026-05-13T02:58:52.084Z] GET http://localhost:5173/node_modules/.vite/deps/pinia.js?v=5240ed46 → 200 (?ms, 47700B)
[2026-05-13T02:58:52.084Z] GET http://localhost:5173/node_modules/.vite/deps/echarts.js?v=c18a41f0 → 200 (1ms, 2587955B)
[2026-05-13T02:58:52.085Z] GET http://localhost:5173/src/App.vue → 304 (2ms, ?B)
[2026-05-13T02:58:52.085Z] GET http://localhost:5173/src/router/index.ts → 304 (2ms, ?B)
[2026-05-13T02:58:52.085Z] GET http://localhost:5173/src/styles/echarts-theme.ts → 304 (3ms, ?B)
[2026-05-13T02:58:52.085Z] GET http://localhost:5173/src/styles/global.scss → 304 (3ms, ?B)
[2026-05-13T02:58:52.086Z] GET http://localhost:5173/node_modules/.vite/deps/chunk-EXJIBF44.js?v=07ed0d97 → 200 (?ms, 386190B)
[2026-05-13T02:58:52.087Z] GET http://localhost:5173/node_modules/.vite/deps/chunk-PZ5AY32C.js?v=07ed0d97 → 200 (?ms, 234B)
[2026-05-13T02:58:52.087Z] GET http://localhost:5173/node_modules/.vite/deps/chunk-YFT6OQ5R.js?v=07ed0d97 → 200 (?ms, 4624B)
[2026-05-13T02:58:52.087Z] GET http://localhost:5173/src/stores/filter.ts → 304 (3ms, ?B)
[2026-05-13T02:58:52.087Z] GET http://localhost:5173/src/App.vue?vue&type=style&index=0&scoped=7a7a37b1&lang.scss → 304 (3ms, ?B)
[2026-05-13T02:58:52.087Z] GET http://localhost:5173/@id/__x00__plugin-vue:export-helper → 304 (3ms, ?B)
[2026-05-13T02:58:52.088Z] GET http://localhost:5173/node_modules/.vite/deps/vue-router.js?v=f6704470 → 200 (?ms, 89837B)
[2026-05-13T02:58:52.090Z] GET http://localhost:5173/src/api/endpoints.ts → 304 (1ms, ?B)
[2026-05-13T02:58:52.091Z] GET http://localhost:5173/src/api/client.ts → 304 (?ms, ?B)
[2026-05-13T02:58:52.091Z] GET http://localhost:5173/node_modules/.vite/deps/axios.js?v=b8c42e4a → 200 (?ms, 99771B)
[2026-05-13T02:58:52.092Z] GET http://localhost:5173/api/meta/dimensions → 200 (39ms, 2549B)
[2026-05-13T02:58:52.092Z] GET http://localhost:5173/src/views/Quality/index.vue → 200 (38ms, 9980B)
[2026-05-13T02:58:52.131Z] GET http://localhost:5173/src/components/common/SubPageHeader.vue → 304 (?ms, ?B)
[2026-05-13T02:58:52.131Z] GET http://localhost:5173/src/views/Quality/index.vue?vue&type=style&index=0&scoped=bf2b37ca&lang.scss → 200 (?ms, 2456B)
[2026-05-13T02:58:52.131Z] GET http://localhost:5173/src/components/common/SubPageHeader.vue?vue&type=style&index=0&scoped=bfb1bbce&lang.scss → 304 (?ms, ?B)
[2026-05-13T02:58:52.131Z] GET http://localhost:5173/api/quality → 200 (28ms, 825B)
[2026-05-13T02:58:54.294Z] GET http://localhost:5173/reports → 200 (1ms, 402B)
[2026-05-13T02:58:54.297Z] GET http://localhost:5173/@vite/client → 304 (1ms, ?B)
[2026-05-13T02:58:54.297Z] GET http://localhost:5173/src/main.ts → 304 (1ms, ?B)
[2026-05-13T02:58:54.298Z] GET http://localhost:5173/node_modules/vite/dist/client/env.mjs → 304 (4ms, ?B)
[2026-05-13T02:58:54.299Z] GET http://localhost:5173/node_modules/.vite/deps/vue.js?v=1ead3934 → 200 (?ms, 5709B)
[2026-05-13T02:58:54.299Z] GET http://localhost:5173/node_modules/.vite/deps/pinia.js?v=5240ed46 → 200 (1ms, 47700B)
[2026-05-13T02:58:54.300Z] GET http://localhost:5173/node_modules/.vite/deps/echarts.js?v=c18a41f0 → 200 (?ms, 2587955B)
[2026-05-13T02:58:54.300Z] GET http://localhost:5173/src/App.vue → 304 (2ms, ?B)
[2026-05-13T02:58:54.300Z] GET http://localhost:5173/src/router/index.ts → 304 (2ms, ?B)
[2026-05-13T02:58:54.300Z] GET http://localhost:5173/src/styles/echarts-theme.ts → 304 (3ms, ?B)
[2026-05-13T02:58:54.300Z] GET http://localhost:5173/src/styles/global.scss → 304 (3ms, ?B)
[2026-05-13T02:58:54.300Z] GET http://localhost:5173/node_modules/.vite/deps/chunk-EXJIBF44.js?v=07ed0d97 → 200 (1ms, 386190B)
[2026-05-13T02:58:54.301Z] GET http://localhost:5173/node_modules/.vite/deps/chunk-PZ5AY32C.js?v=07ed0d97 → 200 (?ms, 234B)
[2026-05-13T02:58:54.301Z] GET http://localhost:5173/node_modules/.vite/deps/chunk-YFT6OQ5R.js?v=07ed0d97 → 200 (?ms, 4624B)
[2026-05-13T02:58:54.302Z] GET http://localhost:5173/src/stores/filter.ts → 304 (1ms, ?B)
[2026-05-13T02:58:54.302Z] GET http://localhost:5173/src/App.vue?vue&type=style&index=0&scoped=7a7a37b1&lang.scss → 304 (1ms, ?B)
[2026-05-13T02:58:54.302Z] GET http://localhost:5173/@id/__x00__plugin-vue:export-helper → 304 (1ms, ?B)
[2026-05-13T02:58:54.303Z] GET http://localhost:5173/node_modules/.vite/deps/vue-router.js?v=f6704470 → 200 (?ms, 89837B)
[2026-05-13T02:58:54.303Z] GET http://localhost:5173/src/api/endpoints.ts → 304 (?ms, ?B)
[2026-05-13T02:58:54.303Z] GET http://localhost:5173/src/api/client.ts → 304 (1ms, ?B)
[2026-05-13T02:58:54.304Z] GET http://localhost:5173/node_modules/.vite/deps/axios.js?v=b8c42e4a → 200 (?ms, 99771B)
[2026-05-13T02:58:54.308Z] GET http://localhost:5173/api/meta/dimensions → 200 (37ms, 2549B)
[2026-05-13T02:58:54.308Z] GET http://localhost:5173/src/views/Reports/index.vue → 200 (37ms, 19182B)
[2026-05-13T02:58:54.345Z] GET http://localhost:5173/src/components/common/SubPageHeader.vue → 304 (?ms, ?B)
[2026-05-13T02:58:54.345Z] GET http://localhost:5173/src/views/Reports/index.vue?vue&type=style&index=0&scoped=bedc8634&lang.scss → 200 (?ms, 3415B)
[2026-05-13T02:58:54.345Z] GET http://localhost:5173/src/components/common/SubPageHeader.vue?vue&type=style&index=0&scoped=bfb1bbce&lang.scss → 304 (?ms, ?B)
[2026-05-13T02:59:15.408Z] GET http://localhost:5173/dashboard → 200 (3ms, 402B)
[2026-05-13T02:59:15.414Z] GET http://localhost:5173/@vite/client → 304 (1ms, ?B)
[2026-05-13T02:59:15.414Z] GET http://localhost:5173/src/main.ts → 304 (3ms, ?B)
[2026-05-13T02:59:15.417Z] GET http://localhost:5173/node_modules/vite/dist/client/env.mjs → 304 (3ms, ?B)
[2026-05-13T02:59:15.417Z] GET http://localhost:5173/node_modules/.vite/deps/vue.js?v=1ead3934 → 200 (?ms, 5709B)
[2026-05-13T02:59:15.418Z] GET http://localhost:5173/node_modules/.vite/deps/pinia.js?v=5240ed46 → 200 (?ms, 47700B)
[2026-05-13T02:59:15.418Z] GET http://localhost:5173/node_modules/.vite/deps/echarts.js?v=c18a41f0 → 200 (?ms, 2587955B)
[2026-05-13T02:59:15.418Z] GET http://localhost:5173/src/App.vue → 304 (2ms, ?B)
[2026-05-13T02:59:15.419Z] GET http://localhost:5173/src/router/index.ts → 304 (1ms, ?B)
[2026-05-13T02:59:15.419Z] GET http://localhost:5173/src/styles/echarts-theme.ts → 304 (2ms, ?B)
[2026-05-13T02:59:15.419Z] GET http://localhost:5173/src/styles/global.scss → 304 (3ms, ?B)
[2026-05-13T02:59:15.419Z] GET http://localhost:5173/node_modules/.vite/deps/chunk-EXJIBF44.js?v=07ed0d97 → 200 (?ms, 386190B)
[2026-05-13T02:59:15.419Z] GET http://localhost:5173/node_modules/.vite/deps/chunk-PZ5AY32C.js?v=07ed0d97 → 200 (?ms, 234B)
[2026-05-13T02:59:15.420Z] GET http://localhost:5173/node_modules/.vite/deps/chunk-YFT6OQ5R.js?v=07ed0d97 → 200 (?ms, 4624B)
[2026-05-13T02:59:15.420Z] GET http://localhost:5173/src/stores/filter.ts → 304 (1ms, ?B)
[2026-05-13T02:59:15.420Z] GET http://localhost:5173/src/App.vue?vue&type=style&index=0&scoped=7a7a37b1&lang.scss → 304 (3ms, ?B)
[2026-05-13T02:59:15.420Z] GET http://localhost:5173/@id/__x00__plugin-vue:export-helper → 304 (3ms, ?B)
[2026-05-13T02:59:15.420Z] GET http://localhost:5173/node_modules/.vite/deps/vue-router.js?v=f6704470 → 200 (?ms, 89837B)
[2026-05-13T02:59:15.422Z] GET http://localhost:5173/src/api/endpoints.ts → 304 (?ms, ?B)
[2026-05-13T02:59:15.422Z] GET http://localhost:5173/src/api/client.ts → 304 (1ms, ?B)
[2026-05-13T02:59:15.423Z] GET http://localhost:5173/node_modules/.vite/deps/axios.js?v=b8c42e4a → 200 (?ms, 99771B)
[2026-05-13T02:59:15.428Z] GET http://localhost:5173/api/meta/dimensions → 200 (39ms, 2549B)
[2026-05-13T02:59:15.428Z] GET http://localhost:5173/src/views/Dashboard/index.vue → 200 (39ms, 53034B)
[2026-05-13T02:59:15.467Z] GET http://localhost:5173/src/components/screen/ScreenHeader.vue → 200 (?ms, 12633B)
[2026-05-13T02:59:15.467Z] GET http://localhost:5173/src/components/common/FilterBar.vue → 304 (?ms, ?B)
[2026-05-13T02:59:15.467Z] GET http://localhost:5173/src/components/screen/GlowPanel.vue → 200 (?ms, 7575B)
[2026-05-13T02:59:15.467Z] GET http://localhost:5173/src/components/screen/KpiCard.vue → 200 (?ms, 7850B)
[2026-05-13T02:59:15.467Z] GET http://localhost:5173/src/components/charts/StructureBar.vue → 200 (3ms, 7823B)
[2026-05-13T02:59:15.467Z] GET http://localhost:5173/src/components/charts/TrendLine.vue → 200 (1ms, 9170B)
[2026-05-13T02:59:15.467Z] GET http://localhost:5173/src/components/charts/RegionRank.vue → 200 (2ms, 6736B)
[2026-05-13T02:59:15.467Z] GET http://localhost:5173/src/components/charts/IndustryBubble.vue → 200 (3ms, 7746B)
[2026-05-13T02:59:15.467Z] GET http://localhost:5173/src/components/charts/HubeiMap.vue → 200 (4ms, 12246B)
[2026-05-13T02:59:15.467Z] GET http://localhost:5173/src/views/Dashboard/index.vue?vue&type=style&index=0&scoped=585062f7&lang.scss → 200 (4ms, 6785B)
[2026-05-13T02:59:15.467Z] GET http://localhost:5173/src/components/common/FilterBar.vue?vue&type=style&index=0&scoped=293392e6&lang.scss → 304 (4ms, ?B)
[2026-05-13T02:59:15.468Z] GET http://localhost:5173/src/components/screen/GlowPanel.vue?vue&type=style&index=0&scoped=845bdd5b&lang.scss → 200 (2ms, 2521B)
[2026-05-13T02:59:15.468Z] GET http://localhost:5173/src/components/screen/ScreenHeader.vue?vue&type=style&index=0&scoped=bfd17d0a&lang.scss → 200 (4ms, 3553B)
[2026-05-13T02:59:15.468Z] GET http://localhost:5173/src/components/screen/KpiCard.vue?vue&type=style&index=0&scoped=6add42c2&lang.scss → 200 (4ms, 2288B)
[2026-05-13T02:59:15.468Z] GET http://localhost:5173/src/components/charts/BaseChart.vue → 200 (4ms, 5611B)
[2026-05-13T02:59:15.471Z] GET http://localhost:5173/src/components/charts/HubeiMap.vue?vue&type=style&index=0&scoped=271f450e&lang.css → 200 (1ms, 707B)
[2026-05-13T02:59:15.472Z] GET http://localhost:5173/src/components/charts/BaseChart.vue?vue&type=style&index=0&scoped=30b465e1&lang.css → 200 (1ms, 710B)
[2026-05-13T02:59:15.482Z] GET http://localhost:5173/hubei-geo.json → 200 (2ms, 155792B)
[2026-05-13T02:59:15.482Z] GET http://localhost:5173/api/meta/dimensions → 200 (17ms, 2549B)
[2026-05-13T02:59:15.499Z] GET http://localhost:5173/api/overview → 200 (167ms, 1201B)
[2026-05-13T02:59:15.499Z] GET http://localhost:5173/api/structure → 200 (262ms, 3617B)
[2026-05-13T02:59:15.499Z] GET http://localhost:5173/api/trend → 200 (190ms, 712B)
[2026-05-13T02:59:15.499Z] GET http://localhost:5173/api/region → 200 (211ms, 2613B)
[2026-05-13T02:59:15.499Z] GET http://localhost:5173/api/industry → 200 (261ms, 2196B)
[2026-05-13T02:59:15.776Z] GET http://localhost:5173/api/company-list?list_type=leader&page=1&page_size=1 → pending (?ms, ?B)
[2026-05-13T02:59:15.776Z] GET http://localhost:5173/api/company-list?list_type=growing&page=1&page_size=1 → pending (?ms, ?B)
[2026-05-13T02:59:15.776Z] GET http://localhost:5173/api/company-list?list_type=weak&page=1&page_size=1 → pending (?ms, ?B)
[2026-05-13T02:59:15.776Z] GET http://localhost:5173/api/company-list?list_type=global&page=1&page_size=1 → pending (?ms, ?B)
[2026-05-13T02:59:15.939Z] GET http://localhost:5173/api/company-list?list_type=leader&page=1&page_size=20 → 200 (40ms, 5450B)
[2026-05-13T02:59:17.490Z] GET http://localhost:5173/api/overview?region=420100 → 200 (174ms, 1181B)
[2026-05-13T02:59:17.490Z] GET http://localhost:5173/api/structure?region=420100 → 200 (228ms, 627B)
[2026-05-13T02:59:17.490Z] GET http://localhost:5173/api/trend?region=420100 → 200 (186ms, 687B)
[2026-05-13T02:59:17.490Z] GET http://localhost:5173/api/region?region=420100 → 200 (213ms, 2593B)
[2026-05-13T02:59:17.491Z] GET http://localhost:5173/api/industry?region=420100 → 200 (230ms, 2164B)
[2026-05-13T02:59:17.737Z] GET http://localhost:5173/api/company-list?region=420100&list_type=leader&page=1&page_size=1 → pending (?ms, ?B)
[2026-05-13T02:59:17.737Z] GET http://localhost:5173/api/company-list?region=420100&list_type=growing&page=1&page_size=1 → pending (?ms, ?B)
[2026-05-13T02:59:17.737Z] GET http://localhost:5173/api/company-list?region=420100&list_type=weak&page=1&page_size=1 → pending (?ms, ?B)
[2026-05-13T02:59:17.737Z] GET http://localhost:5173/api/company-list?region=420100&list_type=global&page=1&page_size=1 → pending (?ms, ?B)
[2026-05-13T02:59:17.875Z] GET http://localhost:5173/api/company-list?region=420100&list_type=leader&page=1&page_size=20 → 200 (40ms, 5430B)
